[INFO] Scanning for projects...
Downloading from spring-releases: https://repo.spring.io/release/org/slf4j/slf4j-api/maven-metadata.xml
[WARNING] Could not transfer metadata org.slf4j:slf4j-api/maven-metadata.xml from/to spring-releases (https://repo.spring.io/release): status code: 401, reason phrase:  (401)
[WARNING] org.slf4j:slf4j-api/maven-metadata.xml failed to transfer from https://repo.spring.io/release during a previous attempt. This failure was cached in the local repository and resolution will not be reattempted until the update interval of spring-releases has elapsed or updates are forced. Original error: Could not transfer metadata org.slf4j:slf4j-api/maven-metadata.xml from/to spring-releases (https://repo.spring.io/release): status code: 401, reason phrase:  (401)
[WARNING] org.slf4j:slf4j-api/maven-metadata.xml failed to transfer from https://repo.spring.io/release during a previous attempt. This failure was cached in the local repository and resolution will not be reattempted until the update interval of spring-releases has elapsed or updates are forced. Original error: Could not transfer metadata org.slf4j:slf4j-api/maven-metadata.xml from/to spring-releases (https://repo.spring.io/release): status code: 401, reason phrase:  (401)
[WARNING] org.slf4j:slf4j-api/maven-metadata.xml failed to transfer from https://repo.spring.io/release during a previous attempt. This failure was cached in the local repository and resolution will not be reattempted until the update interval of spring-releases has elapsed or updates are forced. Original error: Could not transfer metadata org.slf4j:slf4j-api/maven-metadata.xml from/to spring-releases (https://repo.spring.io/release): status code: 401, reason phrase:  (401)
[WARNING] org.slf4j:slf4j-api/maven-metadata.xml failed to transfer from https://repo.spring.io/release during a previous attempt. This failure was cached in the local repository and resolution will not be reattempted until the update interval of spring-releases has elapsed or updates are forced. Original error: Could not transfer metadata org.slf4j:slf4j-api/maven-metadata.xml from/to spring-releases (https://repo.spring.io/release): status code: 401, reason phrase:  (401)
[WARNING] org.slf4j:slf4j-api/maven-metadata.xml failed to transfer from https://repo.spring.io/release during a previous attempt. This failure was cached in the local repository and resolution will not be reattempted until the update interval of spring-releases has elapsed or updates are forced. Original error: Could not transfer metadata org.slf4j:slf4j-api/maven-metadata.xml from/to spring-releases (https://repo.spring.io/release): status code: 401, reason phrase:  (401)
[WARNING] Could not transfer metadata org.slf4j:slf4j-api/maven-metadata.xml from/to maven-default-http-blocker (http://0.0.0.0/): Blocked mirror for repositories: [apache.snapshots (http://repository.apache.org/snapshots, default, snapshots)]
[INFO] 
[INFO] ------------------< com.fooddelivery:payment-service >------------------
[INFO] Building payment-service 0.0.1-SNAPSHOT
[INFO]   from pom.xml
[INFO] --------------------------------[ jar ]---------------------------------
[INFO] 
[INFO] --- resources:3.3.1:resources (default-resources) @ payment-service ---
[INFO] Copying 1 resource from src/main/resources to target/classes
[INFO] Copying 4 resources from src/main/resources to target/classes
[INFO] 
[INFO] --- compiler:3.13.0:compile (default-compile) @ payment-service ---
[INFO] Nothing to compile - all classes are up to date.
[INFO] 
[INFO] --- spring-cloud-contract:4.1.2:generateTests (default-generateTests) @ payment-service ---
[INFO] Generating server tests source code for Spring Cloud Contract Verifier contract verification
[INFO] Will use contracts provided in the folder [/Users/parthureddy/Documents/Food Delivery.nosync/PaymentGatewayIntegration/src/test/resources/contracts]
[INFO] Directory with contract is present at [/Users/parthureddy/Documents/Food Delivery.nosync/PaymentGatewayIntegration/src/test/resources/contracts]
[INFO] Nothing to generate - all classes are up to date
[INFO] 
[INFO] --- exec:3.1.0:exec (check-stale-contracts) @ payment-service ---
[INFO] 
[INFO] --- spring-cloud-contract:4.1.2:convert (default-convert) @ payment-service ---
[INFO] Will use contracts provided in the folder [/Users/parthureddy/Documents/Food Delivery.nosync/PaymentGatewayIntegration/src/test/resources/contracts]
[INFO] Nothing to generate - all stubs are up to date
[INFO] 
[INFO] --- resources:3.3.1:testResources (default-testResources) @ payment-service ---
[INFO] Copying 6 resources from src/test/resources to target/test-classes
[INFO] 
[INFO] --- compiler:3.13.0:testCompile (default-testCompile) @ payment-service ---
[INFO] Recompiling the module because of changed source code.
[INFO] Compiling 13 source files with javac [debug parameters release 17] to target/test-classes
[INFO] -------------------------------------------------------------
[ERROR] COMPILATION ERROR : 
[INFO] -------------------------------------------------------------
[ERROR] /Users/parthureddy/Documents/Food Delivery.nosync/PaymentGatewayIntegration/src/test/java/com/fooddelivery/payments/OpenApiGenerationTest.java:[94,500] cannot find symbol
  symbol:   class ManagementReactiveSecurityAutoConfiguration
  location: package org.springframework.boot.actuate.autoconfigure.security.reactive
[INFO] 1 error
[INFO] -------------------------------------------------------------
[INFO] ------------------------------------------------------------------------
[INFO] BUILD FAILURE
[INFO] ------------------------------------------------------------------------
[INFO] Total time:  35.313 s
[INFO] Finished at: 2026-08-25T15:52:55+05:30
[INFO] ------------------------------------------------------------------------
[ERROR] Failed to execute goal org.apache.maven.plugins:maven-compiler-plugin:3.13.0:testCompile (default-testCompile) on project payment-service: Compilation failure
[ERROR] /Users/parthureddy/Documents/Food Delivery.nosync/PaymentGatewayIntegration/src/test/java/com/fooddelivery/payments/OpenApiGenerationTest.java:[94,500] cannot find symbol
[ERROR]   symbol:   class ManagementReactiveSecurityAutoConfiguration
[ERROR]   location: package org.springframework.boot.actuate.autoconfigure.security.reactive
[ERROR] 
[ERROR] -> [Help 1]
[ERROR] 
[ERROR] To see the full stack trace of the errors, re-run Maven with the -e switch.
[ERROR] Re-run Maven using the -X switch to enable full debug logging.
[ERROR] 
[ERROR] For more information about the errors and possible solutions, please read the following articles:
[ERROR] [Help 1] http://cwiki.apache.org/confluence/display/MAVEN/MojoFailureException

WARNING: A terminally deprecated method in sun.misc.Unsafe has been called
WARNING: sun.misc.Unsafe::objectFieldOffset has been called by lombok.permit.Permit
WARNING: Please consider reporting this to the maintainers of class lombok.permit.Permit
WARNING: sun.misc.Unsafe::objectFieldOffset will be removed in a future release
